2026/09/10 14:48:09 [DESKTOP-MHFOQ62/LKgua2eQ7N-000001] "OPTIONS http://localhost:8080/api/v1/tasks/db1694e8-2d87-4a46-a8e4-3e0bda321267 HTTP/1.1" from [::1]:55020 - 204 0B in 0s
2026/09/10 14:48:09 [DESKTOP-MHFOQ62/LKgua2eQ7N-000002] "PATCH http://localhost:8080/api/v1/tasks/db1694e8-2d87-4a46-a8e4-3e0bda321267 HTTP/1.1" from [::1]:62823 - 401 37B in 513µs
2026/09/10 14:48:09 [DESKTOP-MHFOQ62/LKgua2eQ7N-000003] "OPTIONS http://localhost:8080/api/v1/auth/refresh HTTP/1.1" from [::1]:55020 - 204 0B in 0s
2026/09/10 14:48:09 [DESKTOP-MHFOQ62/LKgua2eQ7N-000004] "POST http://localhost:8080/api/v1/auth/refresh HTTP/1.1" from [::1]:62823 - 200 427B in 20.883ms
2026/09/10 14:48:09 [DESKTOP-MHFOQ62/LKgua2eQ7N-000005] "PATCH http://localhost:8080/api/v1/tasks/db1694e8-2d87-4a46-a8e4-3e0bda321267 HTTP/1.1" from [::1]:62823 - 200 377B in 23.1284ms
2026/09/10 14:48:10 [DESKTOP-MHFOQ62/LKgua2eQ7N-000006] "PATCH http://localhost:8080/api/v1/tasks/db1694e8-2d87-4a46-a8e4-3e0bda321267 HTTP/1.1" from [::1]:62823 - 200 377B in 6.7392ms
2026/09/10 14:48:12 [DESKTOP-MHFOQ62/LKgua2eQ7N-000007] "PATCH http://localhost:8080/api/v1/tasks/db1694e8-2d87-4a46-a8e4-3e0bda321267 HTTP/1.1" from [::1]:62823 - 200 377B in 7.6532ms
2026/09/10 14:48:12 [DESKTOP-MHFOQ62/LKgua2eQ7N-000008] "PATCH http://localhost:8080/api/v1/tasks/db1694e8-2d87-4a46-a8e4-3e0bda321267 HTTP/1.1" from [::1]:62823 - 200 377B in 6.9937ms
2026/09/10 14:48:13 [DESKTOP-MHFOQ62/LKgua2eQ7N-000009] "PATCH http://localhost:8080/api/v1/tasks/db1694e8-2d87-4a46-a8e4-3e0bda321267 HTTP/1.1" from [::1]:62823 - 200 384B in 6.8021ms
2026/09/10 14:49:40 [DESKTOP-MHFOQ62/LKgua2eQ7N-000010] "OPTIONS http://localhost:8080/api/v1/tasks/8856d1e5-36a8-44d2-8481-603c549332a0 HTTP/1.1" from [::1]:55020 - 204 0B in 0s
2026/09/10 14:49:40 [DESKTOP-MHFOQ62/LKgua2eQ7N-000011] "PATCH http://localhost:8080/api/v1/tasks/8856d1e5-36a8-44d2-8481-603c549332a0 HTTP/1.1" from [::1]:62823 - 200 382B in 24.9618ms
2026/09/10 14:49:41 [DESKTOP-MHFOQ62/LKgua2eQ7N-000012] "PATCH http://localhost:8080/api/v1/tasks/8856d1e5-36a8-44d2-8481-603c549332a0 HTTP/1.1" from [::1]:62823 - 200 384B in 7.7589ms
2026/09/10 14:49:42 [DESKTOP-MHFOQ62/LKgua2eQ7N-000013] "OPTIONS http://localhost:8080/api/v1/tasks/9589bdeb-21d6-4047-a43c-a4e1837a0af3 HTTP/1.1" from [::1]:55020 - 204 0B in 0s
2026/09/10 14:49:42 [DESKTOP-MHFOQ62/LKgua2eQ7N-000014] "PATCH http://localhost:8080/api/v1/tasks/9589bdeb-21d6-4047-a43c-a4e1837a0af3 HTTP/1.1" from [::1]:62823 - 200 387B in 10.5954ms
2026/09/10 14:49:43 [DESKTOP-MHFOQ62/LKgua2eQ7N-000015] "OPTIONS http://localhost:8080/api/v1/tasks/261be014-04e9-42bb-9c35-8f5f99ad8637 HTTP/1.1" from [::1]:55020 - 204 0B in 0s
2026/09/10 14:49:43 [DESKTOP-MHFOQ62/LKgua2eQ7N-000016] "PATCH http://localhost:8080/api/v1/tasks/261be014-04e9-42bb-9c35-8f5f99ad8637 HTTP/1.1" from [::1]:62823 - 200 382B in 7.4888ms
2026/09/10 14:50:01 [DESKTOP-MHFOQ62/LKgua2eQ7N-000017] "OPTIONS http://localhost:8080/api/v1/auth/login HTTP/1.1" from [::1]:53207 - 204 0B in 0s
2026/09/10 14:50:01 [DESKTOP-MHFOQ62/LKgua2eQ7N-000018] "POST http://localhost:8080/api/v1/auth/login HTTP/1.1" from [::1]:59765 - 200 439B in 97.3328ms
2026/09/10 14:50:01 [DESKTOP-MHFOQ62/LKgua2eQ7N-000019] "OPTIONS http://localhost:8080/api/v1/organizations HTTP/1.1" from [::1]:53207 - 204 0B in 0s
2026/09/10 14:50:01 [DESKTOP-MHFOQ62/LKgua2eQ7N-000020] "GET http://localhost:8080/api/v1/organizations HTTP/1.1" from [::1]:59765 - 200 235B in 3.4418ms
2026/09/10 14:50:02 [DESKTOP-MHFOQ62/LKgua2eQ7N-000021] "OPTIONS http://localhost:8080/api/v1/projects HTTP/1.1" from [::1]:53207 - 204 0B in 1.0949ms
2026/09/10 14:50:02 [DESKTOP-MHFOQ62/LKgua2eQ7N-000022] "GET http://localhost:8080/api/v1/organizations HTTP/1.1" from [::1]:59765 - 200 235B in 1.0241ms
2026/09/10 14:50:02 [DESKTOP-MHFOQ62/LKgua2eQ7N-000023] "GET http://localhost:8080/api/v1/projects HTTP/1.1" from [::1]:55282 - 200 460B in 10.5289ms
2026/09/10 14:50:02 [DESKTOP-MHFOQ62/LKgua2eQ7N-000024] "GET http://localhost:8080/api/v1/projects HTTP/1.1" from [::1]:59765 - 200 460B in 5.3344ms
2026/09/10 14:50:02 [DESKTOP-MHFOQ62/LKgua2eQ7N-000025] "OPTIONS http://localhost:8080/api/v1/projects/ad12779d-af29-4484-a1ea-8df7e10ac2d3/tasks HTTP/1.1" from [::1]:53207 - 204 0B in 0s
2026/09/10 14:50:02 [DESKTOP-MHFOQ62/LKgua2eQ7N-000026] "OPTIONS http://localhost:8080/api/v1/projects/db50e57c-cf44-4c24-9f5e-3369e4a791c6/tasks HTTP/1.1" from [::1]:57529 - 204 0B in 0s
2026/09/10 14:50:02 [DESKTOP-MHFOQ62/LKgua2eQ7N-000027] "GET http://localhost:8080/api/v1/projects/db50e57c-cf44-4c24-9f5e-3369e4a791c6/tasks HTTP/1.1" from [::1]:55282 - 200 381B in 11.8451ms
2026/09/10 14:50:02 [DESKTOP-MHFOQ62/LKgua2eQ7N-000028] "GET http://localhost:8080/api/v1/projects/ad12779d-af29-4484-a1ea-8df7e10ac2d3/tasks HTTP/1.1" from [::1]:59765 - 200 1539B in 11.1328ms
2026/09/10 14:50:07 [DESKTOP-MHFOQ62/LKgua2eQ7N-000029] "OPTIONS http://localhost:8080/api/v1/projects HTTP/1.1" from [::1]:57529 - 204 0B in 0s
2026/09/10 14:50:07 [DESKTOP-MHFOQ62/LKgua2eQ7N-000030] "GET http://localhost:8080/api/v1/projects HTTP/1.1" from [::1]:59765 - 200 460B in 10.6496ms
2026/09/10 14:50:12 [DESKTOP-MHFOQ62/LKgua2eQ7N-000031] "OPTIONS http://localhost:8080/api/v1/projects HTTP/1.1" from [::1]:53207 - 204 0B in 0s
2026/09/10 14:50:12 [DESKTOP-MHFOQ62/LKgua2eQ7N-000032] "OPTIONS http://localhost:8080/api/v1/projects HTTP/1.1" from [::1]:57529 - 204 0B in 0s
2026/09/10 14:50:12 [DESKTOP-MHFOQ62/LKgua2eQ7N-000033] "GET http://localhost:8080/api/v1/projects HTTP/1.1" from [::1]:59765 - 200 460B in 4.6991ms
2026/09/10 14:50:12 [DESKTOP-MHFOQ62/LKgua2eQ7N-000034] "GET http://localhost:8080/api/v1/projects HTTP/1.1" from [::1]:55282 - 200 460B in 3.7045ms
2026/09/10 14:50:12 [DESKTOP-MHFOQ62/LKgua2eQ7N-000035] "OPTIONS http://localhost:8080/api/v1/projects/ad12779d-af29-4484-a1ea-8df7e10ac2d3/tasks HTTP/1.1" from [::1]:57529 - 204 0B in 0s
2026/09/10 14:50:12 [DESKTOP-MHFOQ62/LKgua2eQ7N-000036] "GET http://localhost:8080/api/v1/projects/ad12779d-af29-4484-a1ea-8df7e10ac2d3/tasks HTTP/1.1" from [::1]:55282 - 200 1539B in 4.9301ms
2026/09/10 14:50:16 [DESKTOP-MHFOQ62/LKgua2eQ7N-000037] "OPTIONS http://localhost:8080/api/v1/projects/ad12779d-af29-4484-a1ea-8df7e10ac2d3/chat HTTP/1.1" from [::1]:57529 - 204 0B in 0s
2026/09/10 14:50:16 [DESKTOP-MHFOQ62/LKgua2eQ7N-000038] "GET http://localhost:8080/api/v1/projects/ad12779d-af29-4484-a1ea-8df7e10ac2d3/chat/ws?token=eyJhbGciOiJIUzI1NiIsInR5cCI6IkpXVCJ9.eyJ1c2VyX2lkIjoiZWViMjAwZTMtYWNjMC00NzUzLWI2ZTgtOTlkMWVmZWIzOWI0IiwiZW1haWwiOiJhbGZpYW5tYXVsYW5hODQ2QGdtYWlsLmNvbSIsInN1YiI6ImVlYjIwMGUzLWFjYzAtNDc1My1iNmU4LTk5ZDFlZmViMzliNCIsImV4cCI6MTc4OTAyNzUwMSwiaWF0IjoxNzg5MDI2NjAxfQ.HXqt76dyIzRJkyicebrcMK0wuD7WbWloOi5tb-1holw HTTP/1.1" from [::1]:57816 - 400 40B in 856.9µs
2026/09/10 14:50:16 [DESKTOP-MHFOQ62/LKgua2eQ7N-000039] "GET http://localhost:8080/api/v1/projects/ad12779d-af29-4484-a1ea-8df7e10ac2d3/chat HTTP/1.1" from [::1]:55282 - 200 2049B in 14.8759ms
2026/09/10 14:50:19 [DESKTOP-MHFOQ62/LKgua2eQ7N-000040] "GET http://localhost:8080/api/v1/projects/ad12779d-af29-4484-a1ea-8df7e10ac2d3/chat/ws?token=eyJhbGciOiJIUzI1NiIsInR5cCI6IkpXVCJ9.eyJ1c2VyX2lkIjoiZWViMjAwZTMtYWNjMC00NzUzLWI2ZTgtOTlkMWVmZWIzOWI0IiwiZW1haWwiOiJhbGZpYW5tYXVsYW5hODQ2QGdtYWlsLmNvbSIsInN1YiI6ImVlYjIwMGUzLWFjYzAtNDc1My1iNmU4LTk5ZDFlZmViMzliNCIsImV4cCI6MTc4OTAyNzUwMSwiaWF0IjoxNzg5MDI2NjAxfQ.HXqt76dyIzRJkyicebrcMK0wuD7WbWloOi5tb-1holw HTTP/1.1" from [::1]:51264 - 400 40B in 507.3µs
2026/09/10 14:50:19 [DESKTOP-MHFOQ62/LKgua2eQ7N-000041] "GET http://localhost:8080/api/v1/projects/ad12779d-af29-4484-a1ea-8df7e10ac2d3/chat HTTP/1.1" from [::1]:55282 - 200 2049B in 3.6865ms
2026/09/10 14:50:20 [DESKTOP-MHFOQ62/LKgua2eQ7N-000042] "GET http://localhost:8080/api/v1/projects/ad12779d-af29-4484-a1ea-8df7e10ac2d3/chat/ws?token=eyJhbGciOiJIUzI1NiIsInR5cCI6IkpXVCJ9.eyJ1c2VyX2lkIjoiZGQ2N2NiMmEtZTc1My00OTA5LTgzODQtMTE2YzllNDRkN2I0IiwiZW1haWwiOiJhbGZpYW5tYXVsYW5hMTE0QGdtYWlsLmNvbSIsInN1YiI6ImRkNjdjYjJhLWU3NTMtNDkwOS04Mzg0LTExNmM5ZTQ0ZDdiNCIsImV4cCI6MTc4OTAyNzM4OSwiaWF0IjoxNzg5MDI2NDg5fQ.bwRqqoRqF_zw1xy0Ku9iNOmsyh7Mk186k3vuB23TKYM HTTP/1.1" from [::1]:51517 - 400 40B in 0s
2026/09/10 14:50:20 [DESKTOP-MHFOQ62/LKgua2eQ7N-000043] "OPTIONS http://localhost:8080/api/v1/projects/ad12779d-af29-4484-a1ea-8df7e10ac2d3/chat HTTP/1.1" from [::1]:55020 - 204 0B in 0s
2026/09/10 14:50:20 [DESKTOP-MHFOQ62/LKgua2eQ7N-000044] "GET http://localhost:8080/api/v1/projects/ad12779d-af29-4484-a1ea-8df7e10ac2d3/chat HTTP/1.1" from [::1]:62823 - 200 2049B in 8.6709ms
2026/09/10 14:50:22 [DESKTOP-MHFOQ62/LKgua2eQ7N-000045] "OPTIONS http://localhost:8080/api/v1/projects/ad12779d-af29-4484-a1ea-8df7e10ac2d3/chat HTTP/1.1" from [::1]:57529 - 204 0B in 0s
2026/09/10 14:50:22 [DESKTOP-MHFOQ62/LKgua2eQ7N-000046] "GET http://localhost:8080/api/v1/projects/ad12779d-af29-4484-a1ea-8df7e10ac2d3/chat/ws?token=eyJhbGciOiJIUzI1NiIsInR5cCI6IkpXVCJ9.eyJ1c2VyX2lkIjoiZWViMjAwZTMtYWNjMC00NzUzLWI2ZTgtOTlkMWVmZWIzOWI0IiwiZW1haWwiOiJhbGZpYW5tYXVsYW5hODQ2QGdtYWlsLmNvbSIsInN1YiI6ImVlYjIwMGUzLWFjYzAtNDc1My1iNmU4LTk5ZDFlZmViMzliNCIsImV4cCI6MTc4OTAyNzUwMSwiaWF0IjoxNzg5MDI2NjAxfQ.HXqt76dyIzRJkyicebrcMK0wuD7WbWloOi5tb-1holw HTTP/1.1" from [::1]:57136 - 400 40B in 520µs
2026/09/10 14:50:22 [DESKTOP-MHFOQ62/LKgua2eQ7N-000047] "GET http://localhost:8080/api/v1/projects/ad12779d-af29-4484-a1ea-8df7e10ac2d3/chat HTTP/1.1" from [::1]:55282 - 200 2049B in 3.8136ms
2026/09/10 14:50:24 [DESKTOP-MHFOQ62/LKgua2eQ7N-000048] "GET http://localhost:8080/api/v1/projects/ad12779d-af29-4484-a1ea-8df7e10ac2d3/chat/ws?token=eyJhbGciOiJIUzI1NiIsInR5cCI6IkpXVCJ9.eyJ1c2VyX2lkIjoiZGQ2N2NiMmEtZTc1My00OTA5LTgzODQtMTE2YzllNDRkN2I0IiwiZW1haWwiOiJhbGZpYW5tYXVsYW5hMTE0QGdtYWlsLmNvbSIsInN1YiI6ImRkNjdjYjJhLWU3NTMtNDkwOS04Mzg0LTExNmM5ZTQ0ZDdiNCIsImV4cCI6MTc4OTAyNzM4OSwiaWF0IjoxNzg5MDI2NDg5fQ.bwRqqoRqF_zw1xy0Ku9iNOmsyh7Mk186k3vuB23TKYM HTTP/1.1" from [::1]:49671 - 400 40B in 0s
2026/09/10 14:50:24 [DESKTOP-MHFOQ62/LKgua2eQ7N-000049] "GET http://localhost:8080/api/v1/projects/ad12779d-af29-4484-a1ea-8df7e10ac2d3/chat HTTP/1.1" from [::1]:62823 - 200 2049B in 3.96ms
2026/09/10 14:50:25 [DESKTOP-MHFOQ62/LKgua2eQ7N-000050] "POST http://localhost:8080/api/v1/projects/ad12779d-af29-4484-a1ea-8df7e10ac2d3/chat HTTP/1.1" from [::1]:55282 - 201 476B in 24.4291ms
2026/09/10 14:50:25 [DESKTOP-MHFOQ62/LKgua2eQ7N-000052] "GET http://localhost:8080/api/v1/projects/ad12779d-af29-4484-a1ea-8df7e10ac2d3/chat/ws?token=eyJhbGciOiJIUzI1NiIsInR5cCI6IkpXVCJ9.eyJ1c2VyX2lkIjoiZWViMjAwZTMtYWNjMC00NzUzLWI2ZTgtOTlkMWVmZWIzOWI0IiwiZW1haWwiOiJhbGZpYW5tYXVsYW5hODQ2QGdtYWlsLmNvbSIsInN1YiI6ImVlYjIwMGUzLWFjYzAtNDc1My1iNmU4LTk5ZDFlZmViMzliNCIsImV4cCI6MTc4OTAyNzUwMSwiaWF0IjoxNzg5MDI2NjAxfQ.HXqt76dyIzRJkyicebrcMK0wuD7WbWloOi5tb-1holw HTTP/1.1" from [::1]:52505 - 400 40B in 504.8µs
2026/09/10 14:50:25 [DESKTOP-MHFOQ62/LKgua2eQ7N-000051] "GET http://localhost:8080/api/v1/projects/ad12779d-af29-4484-a1ea-8df7e10ac2d3/chat HTTP/1.1" from [::1]:55282 - 200 2525B in 3.4928ms
2026/09/10 14:50:27 [DESKTOP-MHFOQ62/LKgua2eQ7N-000053] "GET http://localhost:8080/api/v1/projects/ad12779d-af29-4484-a1ea-8df7e10ac2d3/chat/ws?token=eyJhbGciOiJIUzI1NiIsInR5cCI6IkpXVCJ9.eyJ1c2VyX2lkIjoiZGQ2N2NiMmEtZTc1My00OTA5LTgzODQtMTE2YzllNDRkN2I0IiwiZW1haWwiOiJhbGZpYW5tYXVsYW5hMTE0QGdtYWlsLmNvbSIsInN1YiI6ImRkNjdjYjJhLWU3NTMtNDkwOS04Mzg0LTExNmM5ZTQ0ZDdiNCIsImV4cCI6MTc4OTAyNzM4OSwiaWF0IjoxNzg5MDI2NDg5fQ.bwRqqoRqF_zw1xy0Ku9iNOmsyh7Mk186k3vuB23TKYM HTTP/1.1" from [::1]:58445 - 400 40B in 0s
2026/09/10 14:50:27 [DESKTOP-MHFOQ62/LKgua2eQ7N-000054] "OPTIONS http://localhost:8080/api/v1/projects/ad12779d-af29-4484-a1ea-8df7e10ac2d3/chat HTTP/1.1" from [::1]:55020 - 204 0B in 0s
2026/09/10 14:50:27 [DESKTOP-MHFOQ62/LKgua2eQ7N-000055] "GET http://localhost:8080/api/v1/projects/ad12779d-af29-4484-a1ea-8df7e10ac2d3/chat HTTP/1.1" from [::1]:62823 - 200 2525B in 3.1659ms
2026/09/10 14:50:29 [DESKTOP-MHFOQ62/LKgua2eQ7N-000056] "GET http://localhost:8080/api/v1/projects/ad12779d-af29-4484-a1ea-8df7e10ac2d3/chat/ws?token=eyJhbGciOiJIUzI1NiIsInR5cCI6IkpXVCJ9.eyJ1c2VyX2lkIjoiZWViMjAwZTMtYWNjMC00NzUzLWI2ZTgtOTlkMWVmZWIzOWI0IiwiZW1haWwiOiJhbGZpYW5tYXVsYW5hODQ2QGdtYWlsLmNvbSIsInN1YiI6ImVlYjIwMGUzLWFjYzAtNDc1My1iNmU4LTk5ZDFlZmViMzliNCIsImV4cCI6MTc4OTAyNzUwMSwiaWF0IjoxNzg5MDI2NjAxfQ.HXqt76dyIzRJkyicebrcMK0wuD7WbWloOi5tb-1holw HTTP/1.1" from [::1]:54991 - 400 40B in 0s
2026/09/10 14:50:29 [DESKTOP-MHFOQ62/LKgua2eQ7N-000057] "OPTIONS http://localhost:8080/api/v1/projects/ad12779d-af29-4484-a1ea-8df7e10ac2d3/chat HTTP/1.1" from [::1]:57529 - 204 0B in 0s
2026/09/10 14:50:29 [DESKTOP-MHFOQ62/LKgua2eQ7N-000058] "GET http://localhost:8080/api/v1/projects/ad12779d-af29-4484-a1ea-8df7e10ac2d3/chat HTTP/1.1" from [::1]:55282 - 200 2525B in 2.8397ms
2026/09/10 14:50:30 [DESKTOP-MHFOQ62/LKgua2eQ7N-000060] "GET http://localhost:8080/api/v1/projects/ad12779d-af29-4484-a1ea-8df7e10ac2d3/chat/ws?token=eyJhbGciOiJIUzI1NiIsInR5cCI6IkpXVCJ9.eyJ1c2VyX2lkIjoiZGQ2N2NiMmEtZTc1My00OTA5LTgzODQtMTE2YzllNDRkN2I0IiwiZW1haWwiOiJhbGZpYW5tYXVsYW5hMTE0QGdtYWlsLmNvbSIsInN1YiI6ImRkNjdjYjJhLWU3NTMtNDkwOS04Mzg0LTExNmM5ZTQ0ZDdiNCIsImV4cCI6MTc4OTAyNzM4OSwiaWF0IjoxNzg5MDI2NDg5fQ.bwRqqoRqF_zw1xy0Ku9iNOmsyh7Mk186k3vuB23TKYM HTTP/1.1" from [::1]:51030 - 400 40B in 0s
2026/09/10 14:50:30 [DESKTOP-MHFOQ62/LKgua2eQ7N-000059] "GET http://localhost:8080/api/v1/projects/ad12779d-af29-4484-a1ea-8df7e10ac2d3/chat HTTP/1.1" from [::1]:62823 - 200 2525B in 11.9739ms
2026/09/10 14:50:33 [DESKTOP-MHFOQ62/LKgua2eQ7N-000062] "GET http://localhost:8080/api/v1/projects/ad12779d-af29-4484-a1ea-8df7e10ac2d3/chat/ws?token=eyJhbGciOiJIUzI1NiIsInR5cCI6IkpXVCJ9.eyJ1c2VyX2lkIjoiZWViMjAwZTMtYWNjMC00NzUzLWI2ZTgtOTlkMWVmZWIzOWI0IiwiZW1haWwiOiJhbGZpYW5tYXVsYW5hODQ2QGdtYWlsLmNvbSIsInN1YiI6ImVlYjIwMGUzLWFjYzAtNDc1My1iNmU4LTk5ZDFlZmViMzliNCIsImV4cCI6MTc4OTAyNzUwMSwiaWF0IjoxNzg5MDI2NjAxfQ.HXqt76dyIzRJkyicebrcMK0wuD7WbWloOi5tb-1holw HTTP/1.1" from [::1]:53132 - 400 40B in 0s
2026/09/10 14:50:33 [DESKTOP-MHFOQ62/LKgua2eQ7N-000061] "GET http://localhost:8080/api/v1/projects/ad12779d-af29-4484-a1ea-8df7e10ac2d3/chat HTTP/1.1" from [::1]:55282 - 200 2525B in 5.2679ms
2026/09/10 14:50:33 [DESKTOP-MHFOQ62/LKgua2eQ7N-000063] "GET http://localhost:8080/api/v1/projects/ad12779d-af29-4484-a1ea-8df7e10ac2d3/chat/ws?token=eyJhbGciOiJIUzI1NiIsInR5cCI6IkpXVCJ9.eyJ1c2VyX2lkIjoiZGQ2N2NiMmEtZTc1My00OTA5LTgzODQtMTE2YzllNDRkN2I0IiwiZW1haWwiOiJhbGZpYW5tYXVsYW5hMTE0QGdtYWlsLmNvbSIsInN1YiI6ImRkNjdjYjJhLWU3NTMtNDkwOS04Mzg0LTExNmM5ZTQ0ZDdiNCIsImV4cCI6MTc4OTAyNzM4OSwiaWF0IjoxNzg5MDI2NDg5fQ.bwRqqoRqF_zw1xy0Ku9iNOmsyh7Mk186k3vuB23TKYM HTTP/1.1" from [::1]:59527 - 400 40B in 0s
2026/09/10 14:50:33 [DESKTOP-MHFOQ62/LKgua2eQ7N-000064] "OPTIONS http://localhost:8080/api/v1/projects/ad12779d-af29-4484-a1ea-8df7e10ac2d3/chat HTTP/1.1" from [::1]:55020 - 204 0B in 0s
2026/09/10 14:50:33 [DESKTOP-MHFOQ62/LKgua2eQ7N-000065] "GET http://localhost:8080/api/v1/projects/ad12779d-af29-4484-a1ea-8df7e10ac2d3/chat HTTP/1.1" from [::1]:62823 - 200 2525B in 2.5269ms
2026/09/10 14:50:36 [DESKTOP-MHFOQ62/LKgua2eQ7N-000067] "GET http://localhost:8080/api/v1/projects/ad12779d-af29-4484-a1ea-8df7e10ac2d3/chat/ws?token=eyJhbGciOiJIUzI1NiIsInR5cCI6IkpXVCJ9.eyJ1c2VyX2lkIjoiZGQ2N2NiMmEtZTc1My00OTA5LTgzODQtMTE2YzllNDRkN2I0IiwiZW1haWwiOiJhbGZpYW5tYXVsYW5hMTE0QGdtYWlsLmNvbSIsInN1YiI6ImRkNjdjYjJhLWU3NTMtNDkwOS04Mzg0LTExNmM5ZTQ0ZDdiNCIsImV4cCI6MTc4OTAyNzM4OSwiaWF0IjoxNzg5MDI2NDg5fQ.bwRqqoRqF_zw1xy0Ku9iNOmsyh7Mk186k3vuB23TKYM HTTP/1.1" from [::1]:54429 - 400 40B in 1.0454ms
2026/09/10 14:50:36 [DESKTOP-MHFOQ62/LKgua2eQ7N-000066] "GET http://localhost:8080/api/v1/projects/ad12779d-af29-4484-a1ea-8df7e10ac2d3/chat HTTP/1.1" from [::1]:62823 - 200 2525B in 9.05ms
2026/09/10 14:50:37 [DESKTOP-MHFOQ62/LKgua2eQ7N-000068] "OPTIONS http://localhost:8080/api/v1/projects/ad12779d-af29-4484-a1ea-8df7e10ac2d3/chat HTTP/1.1" from [::1]:57529 - 204 0B in 0s
2026/09/10 14:50:37 [DESKTOP-MHFOQ62/LKgua2eQ7N-000069] "GET http://localhost:8080/api/v1/projects/ad12779d-af29-4484-a1ea-8df7e10ac2d3/chat/ws?token=eyJhbGciOiJIUzI1NiIsInR5cCI6IkpXVCJ9.eyJ1c2VyX2lkIjoiZWViMjAwZTMtYWNjMC00NzUzLWI2ZTgtOTlkMWVmZWIzOWI0IiwiZW1haWwiOiJhbGZpYW5tYXVsYW5hODQ2QGdtYWlsLmNvbSIsInN1YiI6ImVlYjIwMGUzLWFjYzAtNDc1My1iNmU4LTk5ZDFlZmViMzliNCIsImV4cCI6MTc4OTAyNzUwMSwiaWF0IjoxNzg5MDI2NjAxfQ.HXqt76dyIzRJkyicebrcMK0wuD7WbWloOi5tb-1holw HTTP/1.1" from [::1]:52687 - 400 40B in 0s
2026/09/10 14:50:37 [DESKTOP-MHFOQ62/LKgua2eQ7N-000070] "GET http://localhost:8080/api/v1/projects/ad12779d-af29-4484-a1ea-8df7e10ac2d3/chat HTTP/1.1" from [::1]:55282 - 200 2525B in 2.1469ms
2026/09/10 14:50:40 [DESKTOP-MHFOQ62/LKgua2eQ7N-000071] "OPTIONS http://localhost:8080/api/v1/projects/ad12779d-af29-4484-a1ea-8df7e10ac2d3/chat HTTP/1.1" from [::1]:55020 - 204 0B in 0s
2026/09/10 14:50:40 [DESKTOP-MHFOQ62/LKgua2eQ7N-000072] "GET http://localhost:8080/api/v1/projects/ad12779d-af29-4484-a1ea-8df7e10ac2d3/chat/ws?token=eyJhbGciOiJIUzI1NiIsInR5cCI6IkpXVCJ9.eyJ1c2VyX2lkIjoiZGQ2N2NiMmEtZTc1My00OTA5LTgzODQtMTE2YzllNDRkN2I0IiwiZW1haWwiOiJhbGZpYW5tYXVsYW5hMTE0QGdtYWlsLmNvbSIsInN1YiI6ImRkNjdjYjJhLWU3NTMtNDkwOS04Mzg0LTExNmM5ZTQ0ZDdiNCIsImV4cCI6MTc4OTAyNzM4OSwiaWF0IjoxNzg5MDI2NDg5fQ.bwRqqoRqF_zw1xy0Ku9iNOmsyh7Mk186k3vuB23TKYM HTTP/1.1" from [::1]:52093 - 400 40B in 698.9µs
2026/09/10 14:50:40 [DESKTOP-MHFOQ62/LKgua2eQ7N-000073] "GET http://localhost:8080/api/v1/projects/ad12779d-af29-4484-a1ea-8df7e10ac2d3/chat HTTP/1.1" from [::1]:62823 - 200 2525B in 4.3498ms
2026/09/10 14:50:41 [DESKTOP-MHFOQ62/LKgua2eQ7N-000074] "GET http://localhost:8080/api/v1/projects/ad12779d-af29-4484-a1ea-8df7e10ac2d3/chat/ws?token=eyJhbGciOiJIUzI1NiIsInR5cCI6IkpXVCJ9.eyJ1c2VyX2lkIjoiZWViMjAwZTMtYWNjMC00NzUzLWI2ZTgtOTlkMWVmZWIzOWI0IiwiZW1haWwiOiJhbGZpYW5tYXVsYW5hODQ2QGdtYWlsLmNvbSIsInN1YiI6ImVlYjIwMGUzLWFjYzAtNDc1My1iNmU4LTk5ZDFlZmViMzliNCIsImV4cCI6MTc4OTAyNzUwMSwiaWF0IjoxNzg5MDI2NjAxfQ.HXqt76dyIzRJkyicebrcMK0wuD7WbWloOi5tb-1holw HTTP/1.1" from [::1]:59067 - 400 40B in 358.3µs
2026/09/10 14:50:41 [DESKTOP-MHFOQ62/LKgua2eQ7N-000075] "GET http://localhost:8080/api/v1/projects/ad12779d-af29-4484-a1ea-8df7e10ac2d3/chat HTTP/1.1" from [::1]:55282 - 200 2525B in 5.1415ms
2026/09/10 14:50:44 [DESKTOP-MHFOQ62/LKgua2eQ7N-000076] "GET http://localhost:8080/api/v1/projects/ad12779d-af29-4484-a1ea-8df7e10ac2d3/chat HTTP/1.1" from [::1]:62823 - 200 2525B in 2.8166ms
2026/09/10 14:50:44 [DESKTOP-MHFOQ62/LKgua2eQ7N-000077] "GET http://localhost:8080/api/v1/projects/ad12779d-af29-4484-a1ea-8df7e10ac2d3/chat/ws?token=eyJhbGciOiJIUzI1NiIsInR5cCI6IkpXVCJ9.eyJ1c2VyX2lkIjoiZGQ2N2NiMmEtZTc1My00OTA5LTgzODQtMTE2YzllNDRkN2I0IiwiZW1haWwiOiJhbGZpYW5tYXVsYW5hMTE0QGdtYWlsLmNvbSIsInN1YiI6ImRkNjdjYjJhLWU3NTMtNDkwOS04Mzg0LTExNmM5ZTQ0ZDdiNCIsImV4cCI6MTc4OTAyNzM4OSwiaWF0IjoxNzg5MDI2NDg5fQ.bwRqqoRqF_zw1xy0Ku9iNOmsyh7Mk186k3vuB23TKYM HTTP/1.1" from [::1]:55658 - 400 40B in 505.3µs
2026/09/10 14:50:45 [DESKTOP-MHFOQ62/LKgua2eQ7N-000078] "OPTIONS http://localhost:8080/api/v1/projects/ad12779d-af29-4484-a1ea-8df7e10ac2d3/chat HTTP/1.1" from [::1]:57529 - 204 0B in 0s
2026/09/10 14:50:45 [DESKTOP-MHFOQ62/LKgua2eQ7N-000079] "GET http://localhost:8080/api/v1/projects/ad12779d-af29-4484-a1ea-8df7e10ac2d3/chat/ws?token=eyJhbGciOiJIUzI1NiIsInR5cCI6IkpXVCJ9.eyJ1c2VyX2lkIjoiZWViMjAwZTMtYWNjMC00NzUzLWI2ZTgtOTlkMWVmZWIzOWI0IiwiZW1haWwiOiJhbGZpYW5tYXVsYW5hODQ2QGdtYWlsLmNvbSIsInN1YiI6ImVlYjIwMGUzLWFjYzAtNDc1My1iNmU4LTk5ZDFlZmViMzliNCIsImV4cCI6MTc4OTAyNzUwMSwiaWF0IjoxNzg5MDI2NjAxfQ.HXqt76dyIzRJkyicebrcMK0wuD7WbWloOi5tb-1holw HTTP/1.1" from [::1]:64740 - 400 40B in 307.1µs
2026/09/10 14:50:45 [DESKTOP-MHFOQ62/LKgua2eQ7N-000080] "GET http://localhost:8080/api/v1/projects/ad12779d-af29-4484-a1ea-8df7e10ac2d3/chat HTTP/1.1" from [::1]:55282 - 200 2525B in 7.985ms
2026/09/10 14:50:48 [DESKTOP-MHFOQ62/LKgua2eQ7N-000081] "OPTIONS http://localhost:8080/api/v1/projects/ad12779d-af29-4484-a1ea-8df7e10ac2d3/chat HTTP/1.1" from [::1]:55020 - 204 0B in 0s
2026/09/10 14:50:48 [DESKTOP-MHFOQ62/LKgua2eQ7N-000082] "GET http://localhost:8080/api/v1/projects/ad12779d-af29-4484-a1ea-8df7e10ac2d3/chat HTTP/1.1" from [::1]:62823 - 200 2525B in 4.9946ms
2026/09/10 14:50:48 [DESKTOP-MHFOQ62/LKgua2eQ7N-000083] "GET http://localhost:8080/api/v1/projects/ad12779d-af29-4484-a1ea-8df7e10ac2d3/chat/ws?token=eyJhbGciOiJIUzI1NiIsInR5cCI6IkpXVCJ9.eyJ1c2VyX2lkIjoiZGQ2N2NiMmEtZTc1My00OTA5LTgzODQtMTE2YzllNDRkN2I0IiwiZW1haWwiOiJhbGZpYW5tYXVsYW5hMTE0QGdtYWlsLmNvbSIsInN1YiI6ImRkNjdjYjJhLWU3NTMtNDkwOS04Mzg0LTExNmM5ZTQ0ZDdiNCIsImV4cCI6MTc4OTAyNzM4OSwiaWF0IjoxNzg5MDI2NDg5fQ.bwRqqoRqF_zw1xy0Ku9iNOmsyh7Mk186k3vuB23TKYM HTTP/1.1" from [::1]:63763 - 400 40B in 0s
2026/09/10 14:50:49 [DESKTOP-MHFOQ62/LKgua2eQ7N-000084] "GET http://localhost:8080/api/v1/projects/ad12779d-af29-4484-a1ea-8df7e10ac2d3/chat/ws?token=eyJhbGciOiJIUzI1NiIsInR5cCI6IkpXVCJ9.eyJ1c2VyX2lkIjoiZWViMjAwZTMtYWNjMC00NzUzLWI2ZTgtOTlkMWVmZWIzOWI0IiwiZW1haWwiOiJhbGZpYW5tYXVsYW5hODQ2QGdtYWlsLmNvbSIsInN1YiI6ImVlYjIwMGUzLWFjYzAtNDc1My1iNmU4LTk5ZDFlZmViMzliNCIsImV4cCI6MTc4OTAyNzUwMSwiaWF0IjoxNzg5MDI2NjAxfQ.HXqt76dyIzRJkyicebrcMK0wuD7WbWloOi5tb-1holw HTTP/1.1" from [::1]:60189 - 400 40B in 0s
2026/09/10 14:50:49 [DESKTOP-MHFOQ62/LKgua2eQ7N-000085] "GET http://localhost:8080/api/v1/projects/ad12779d-af29-4484-a1ea-8df7e10ac2d3/chat HTTP/1.1" from [::1]:55282 - 200 2525B in 9.5141ms
2026/09/10 14:50:52 [DESKTOP-MHFOQ62/LKgua2eQ7N-000086] "GET http://localhost:8080/api/v1/projects/ad12779d-af29-4484-a1ea-8df7e10ac2d3/chat HTTP/1.1" from [::1]:62823 - 200 2525B in 3.4352ms
2026/09/10 14:50:52 [DESKTOP-MHFOQ62/LKgua2eQ7N-000087] "GET http://localhost:8080/api/v1/projects/ad12779d-af29-4484-a1ea-8df7e10ac2d3/chat/ws?token=eyJhbGciOiJIUzI1NiIsInR5cCI6IkpXVCJ9.eyJ1c2VyX2lkIjoiZGQ2N2NiMmEtZTc1My00OTA5LTgzODQtMTE2YzllNDRkN2I0IiwiZW1haWwiOiJhbGZpYW5tYXVsYW5hMTE0QGdtYWlsLmNvbSIsInN1YiI6ImRkNjdjYjJhLWU3NTMtNDkwOS04Mzg0LTExNmM5ZTQ0ZDdiNCIsImV4cCI6MTc4OTAyNzM4OSwiaWF0IjoxNzg5MDI2NDg5fQ.bwRqqoRqF_zw1xy0Ku9iNOmsyh7Mk186k3vuB23TKYM HTTP/1.1" from [::1]:54459 - 400 40B in 0s
2026/09/10 14:50:53 [DESKTOP-MHFOQ62/LKgua2eQ7N-000088] "OPTIONS http://localhost:8080/api/v1/projects/ad12779d-af29-4484-a1ea-8df7e10ac2d3/chat HTTP/1.1" from [::1]:57529 - 204 0B in 0s
2026/09/10 14:50:53 [DESKTOP-MHFOQ62/LKgua2eQ7N-000089] "GET http://localhost:8080/api/v1/projects/ad12779d-af29-4484-a1ea-8df7e10ac2d3/chat/ws?token=eyJhbGciOiJIUzI1NiIsInR5cCI6IkpXVCJ9.eyJ1c2VyX2lkIjoiZWViMjAwZTMtYWNjMC00NzUzLWI2ZTgtOTlkMWVmZWIzOWI0IiwiZW1haWwiOiJhbGZpYW5tYXVsYW5hODQ2QGdtYWlsLmNvbSIsInN1YiI6ImVlYjIwMGUzLWFjYzAtNDc1My1iNmU4LTk5ZDFlZmViMzliNCIsImV4cCI6MTc4OTAyNzUwMSwiaWF0IjoxNzg5MDI2NjAxfQ.HXqt76dyIzRJkyicebrcMK0wuD7WbWloOi5tb-1holw HTTP/1.1" from [::1]:61970 - 400 40B in 0s
2026/09/10 14:50:53 [DESKTOP-MHFOQ62/LKgua2eQ7N-000090] "GET http://localhost:8080/api/v1/projects/ad12779d-af29-4484-a1ea-8df7e10ac2d3/chat HTTP/1.1" from [::1]:55282 - 200 2525B in 3.3911ms
2026/09/10 14:50:56 [DESKTOP-MHFOQ62/LKgua2eQ7N-000091] "OPTIONS http://localhost:8080/api/v1/projects/ad12779d-af29-4484-a1ea-8df7e10ac2d3/chat HTTP/1.1" from [::1]:55020 - 204 0B in 0s
2026/09/10 14:50:56 [DESKTOP-MHFOQ62/LKgua2eQ7N-000092] "GET http://localhost:8080/api/v1/projects/ad12779d-af29-4484-a1ea-8df7e10ac2d3/chat HTTP/1.1" from [::1]:62823 - 200 2525B in 3.2513ms
2026/09/10 14:50:56 [DESKTOP-MHFOQ62/LKgua2eQ7N-000093] "GET http://localhost:8080/api/v1/projects/ad12779d-af29-4484-a1ea-8df7e10ac2d3/chat/ws?token=eyJhbGciOiJIUzI1NiIsInR5cCI6IkpXVCJ9.eyJ1c2VyX2lkIjoiZGQ2N2NiMmEtZTc1My00OTA5LTgzODQtMTE2YzllNDRkN2I0IiwiZW1haWwiOiJhbGZpYW5tYXVsYW5hMTE0QGdtYWlsLmNvbSIsInN1YiI6ImRkNjdjYjJhLWU3NTMtNDkwOS04Mzg0LTExNmM5ZTQ0ZDdiNCIsImV4cCI6MTc4OTAyNzM4OSwiaWF0IjoxNzg5MDI2NDg5fQ.bwRqqoRqF_zw1xy0Ku9iNOmsyh7Mk186k3vuB23TKYM HTTP/1.1" from [::1]:63740 - 400 40B in 0s
2026/09/10 14:50:57 [DESKTOP-MHFOQ62/LKgua2eQ7N-000094] "GET http://localhost:8080/api/v1/projects/ad12779d-af29-4484-a1ea-8df7e10ac2d3/chat/ws?token=eyJhbGciOiJIUzI1NiIsInR5cCI6IkpXVCJ9.eyJ1c2VyX2lkIjoiZWViMjAwZTMtYWNjMC00NzUzLWI2ZTgtOTlkMWVmZWIzOWI0IiwiZW1haWwiOiJhbGZpYW5tYXVsYW5hODQ2QGdtYWlsLmNvbSIsInN1YiI6ImVlYjIwMGUzLWFjYzAtNDc1My1iNmU4LTk5ZDFlZmViMzliNCIsImV4cCI6MTc4OTAyNzUwMSwiaWF0IjoxNzg5MDI2NjAxfQ.HXqt76dyIzRJkyicebrcMK0wuD7WbWloOi5tb-1holw HTTP/1.1" from [::1]:61405 - 400 40B in 0s
2026/09/10 14:50:57 [DESKTOP-MHFOQ62/LKgua2eQ7N-000095] "GET http://localhost:8080/api/v1/projects/ad12779d-af29-4484-a1ea-8df7e10ac2d3/chat HTTP/1.1" from [::1]:55282 - 200 2525B in 3.3945ms
2026/09/10 14:51:00 [DESKTOP-MHFOQ62/LKgua2eQ7N-000096] "GET http://localhost:8080/api/v1/projects/ad12779d-af29-4484-a1ea-8df7e10ac2d3/chat HTTP/1.1" from [::1]:62823 - 200 2525B in 12.337ms
2026/09/10 14:51:00 [DESKTOP-MHFOQ62/LKgua2eQ7N-000097] "GET http://localhost:8080/api/v1/projects/ad12779d-af29-4484-a1ea-8df7e10ac2d3/chat/ws?token=eyJhbGciOiJIUzI1NiIsInR5cCI6IkpXVCJ9.eyJ1c2VyX2lkIjoiZGQ2N2NiMmEtZTc1My00OTA5LTgzODQtMTE2YzllNDRkN2I0IiwiZW1haWwiOiJhbGZpYW5tYXVsYW5hMTE0QGdtYWlsLmNvbSIsInN1YiI6ImRkNjdjYjJhLWU3NTMtNDkwOS04Mzg0LTExNmM5ZTQ0ZDdiNCIsImV4cCI6MTc4OTAyNzM4OSwiaWF0IjoxNzg5MDI2NDg5fQ.bwRqqoRqF_zw1xy0Ku9iNOmsyh7Mk186k3vuB23TKYM HTTP/1.1" from [::1]:60975 - 400 40B in 0s
2026/09/10 14:51:01 [DESKTOP-MHFOQ62/LKgua2eQ7N-000098] "OPTIONS http://localhost:8080/api/v1/projects/ad12779d-af29-4484-a1ea-8df7e10ac2d3/chat HTTP/1.1" from [::1]:57529 - 204 0B in 0s
2026/09/10 14:51:01 [DESKTOP-MHFOQ62/LKgua2eQ7N-000099] "GET http://localhost:8080/api/v1/projects/ad12779d-af29-4484-a1ea-8df7e10ac2d3/chat/ws?token=eyJhbGciOiJIUzI1NiIsInR5cCI6IkpXVCJ9.eyJ1c2VyX2lkIjoiZWViMjAwZTMtYWNjMC00NzUzLWI2ZTgtOTlkMWVmZWIzOWI0IiwiZW1haWwiOiJhbGZpYW5tYXVsYW5hODQ2QGdtYWlsLmNvbSIsInN1YiI6ImVlYjIwMGUzLWFjYzAtNDc1My1iNmU4LTk5ZDFlZmViMzliNCIsImV4cCI6MTc4OTAyNzUwMSwiaWF0IjoxNzg5MDI2NjAxfQ.HXqt76dyIzRJkyicebrcMK0wuD7WbWloOi5tb-1holw HTTP/1.1" from [::1]:54362 - 400 40B in 0s
2026/09/10 14:51:01 [DESKTOP-MHFOQ62/LKgua2eQ7N-000100] "GET http://localhost:8080/api/v1/projects/ad12779d-af29-4484-a1ea-8df7e10ac2d3/chat HTTP/1.1" from [::1]:55282 - 200 2525B in 3.2853ms
2026/09/10 14:51:04 [DESKTOP-MHFOQ62/LKgua2eQ7N-000101] "OPTIONS http://localhost:8080/api/v1/projects/ad12779d-af29-4484-a1ea-8df7e10ac2d3/chat HTTP/1.1" from [::1]:55020 - 204 0B in 0s
2026/09/10 14:51:04 [DESKTOP-MHFOQ62/LKgua2eQ7N-000102] "GET http://localhost:8080/api/v1/projects/ad12779d-af29-4484-a1ea-8df7e10ac2d3/chat HTTP/1.1" from [::1]:62823 - 200 2525B in 3.621ms
2026/09/10 14:51:04 [DESKTOP-MHFOQ62/LKgua2eQ7N-000103] "GET http://localhost:8080/api/v1/projects/ad12779d-af29-4484-a1ea-8df7e10ac2d3/chat/ws?token=eyJhbGciOiJIUzI1NiIsInR5cCI6IkpXVCJ9.eyJ1c2VyX2lkIjoiZGQ2N2NiMmEtZTc1My00OTA5LTgzODQtMTE2YzllNDRkN2I0IiwiZW1haWwiOiJhbGZpYW5tYXVsYW5hMTE0QGdtYWlsLmNvbSIsInN1YiI6ImRkNjdjYjJhLWU3NTMtNDkwOS04Mzg0LTExNmM5ZTQ0ZDdiNCIsImV4cCI6MTc4OTAyNzM4OSwiaWF0IjoxNzg5MDI2NDg5fQ.bwRqqoRqF_zw1xy0Ku9iNOmsyh7Mk186k3vuB23TKYM HTTP/1.1" from [::1]:51054 - 400 40B in 0s
2026/09/10 14:51:05 [DESKTOP-MHFOQ62/LKgua2eQ7N-000105] "GET http://localhost:8080/api/v1/projects/ad12779d-af29-4484-a1ea-8df7e10ac2d3/chat/ws?token=eyJhbGciOiJIUzI1NiIsInR5cCI6IkpXVCJ9.eyJ1c2VyX2lkIjoiZWViMjAwZTMtYWNjMC00NzUzLWI2ZTgtOTlkMWVmZWIzOWI0IiwiZW1haWwiOiJhbGZpYW5tYXVsYW5hODQ2QGdtYWlsLmNvbSIsInN1YiI6ImVlYjIwMGUzLWFjYzAtNDc1My1iNmU4LTk5ZDFlZmViMzliNCIsImV4cCI6MTc4OTAyNzUwMSwiaWF0IjoxNzg5MDI2NjAxfQ.HXqt76dyIzRJkyicebrcMK0wuD7WbWloOi5tb-1holw HTTP/1.1" from [::1]:54876 - 400 40B in 705.1µs
2026/09/10 14:51:05 [DESKTOP-MHFOQ62/LKgua2eQ7N-000104] "GET http://localhost:8080/api/v1/projects/ad12779d-af29-4484-a1ea-8df7e10ac2d3/chat HTTP/1.1" from [::1]:55282 - 200 2525B in 5.4542ms
2026/09/10 14:51:08 [DESKTOP-MHFOQ62/LKgua2eQ7N-000106] "GET http://localhost:8080/api/v1/projects/ad12779d-af29-4484-a1ea-8df7e10ac2d3/chat HTTP/1.1" from [::1]:62823 - 200 2525B in 4.1197ms
2026/09/10 14:51:08 [DESKTOP-MHFOQ62/LKgua2eQ7N-000107] "GET http://localhost:8080/api/v1/projects/ad12779d-af29-4484-a1ea-8df7e10ac2d3/chat/ws?token=eyJhbGciOiJIUzI1NiIsInR5cCI6IkpXVCJ9.eyJ1c2VyX2lkIjoiZGQ2N2NiMmEtZTc1My00OTA5LTgzODQtMTE2YzllNDRkN2I0IiwiZW1haWwiOiJhbGZpYW5tYXVsYW5hMTE0QGdtYWlsLmNvbSIsInN1YiI6ImRkNjdjYjJhLWU3NTMtNDkwOS04Mzg0LTExNmM5ZTQ0ZDdiNCIsImV4cCI6MTc4OTAyNzM4OSwiaWF0IjoxNzg5MDI2NDg5fQ.bwRqqoRqF_zw1xy0Ku9iNOmsyh7Mk186k3vuB23TKYM HTTP/1.1" from [::1]:55923 - 400 40B in 0s
2026/09/10 14:51:09 [DESKTOP-MHFOQ62/LKgua2eQ7N-000108] "OPTIONS http://localhost:8080/api/v1/projects/ad12779d-af29-4484-a1ea-8df7e10ac2d3/chat HTTP/1.1" from [::1]:57529 - 204 0B in 1.0804ms
2026/09/10 14:51:09 [DESKTOP-MHFOQ62/LKgua2eQ7N-000109] "GET http://localhost:8080/api/v1/projects/ad12779d-af29-4484-a1ea-8df7e10ac2d3/chat/ws?token=eyJhbGciOiJIUzI1NiIsInR5cCI6IkpXVCJ9.eyJ1c2VyX2lkIjoiZWViMjAwZTMtYWNjMC00NzUzLWI2ZTgtOTlkMWVmZWIzOWI0IiwiZW1haWwiOiJhbGZpYW5tYXVsYW5hODQ2QGdtYWlsLmNvbSIsInN1YiI6ImVlYjIwMGUzLWFjYzAtNDc1My1iNmU4LTk5ZDFlZmViMzliNCIsImV4cCI6MTc4OTAyNzUwMSwiaWF0IjoxNzg5MDI2NjAxfQ.HXqt76dyIzRJkyicebrcMK0wuD7WbWloOi5tb-1holw HTTP/1.1" from [::1]:64483 - 400 40B in 0s
2026/09/10 14:51:09 [DESKTOP-MHFOQ62/LKgua2eQ7N-000110] "GET http://localhost:8080/api/v1/projects/ad12779d-af29-4484-a1ea-8df7e10ac2d3/chat HTTP/1.1" from [::1]:55282 - 200 2525B in 4.4846ms
2026/09/10 14:51:12 [DESKTOP-MHFOQ62/LKgua2eQ7N-000111] "OPTIONS http://localhost:8080/api/v1/projects/ad12779d-af29-4484-a1ea-8df7e10ac2d3/chat HTTP/1.1" from [::1]:55020 - 204 0B in 0s
2026/09/10 14:51:12 [DESKTOP-MHFOQ62/LKgua2eQ7N-000112] "GET http://localhost:8080/api/v1/projects/ad12779d-af29-4484-a1ea-8df7e10ac2d3/chat HTTP/1.1" from [::1]:62823 - 200 2525B in 3.0139ms
2026/09/10 14:51:13 [DESKTOP-MHFOQ62/LKgua2eQ7N-000113] "GET http://localhost:8080/api/v1/projects/ad12779d-af29-4484-a1ea-8df7e10ac2d3/chat/ws?token=eyJhbGciOiJIUzI1NiIsInR5cCI6IkpXVCJ9.eyJ1c2VyX2lkIjoiZGQ2N2NiMmEtZTc1My00OTA5LTgzODQtMTE2YzllNDRkN2I0IiwiZW1haWwiOiJhbGZpYW5tYXVsYW5hMTE0QGdtYWlsLmNvbSIsInN1YiI6ImRkNjdjYjJhLWU3NTMtNDkwOS04Mzg0LTExNmM5ZTQ0ZDdiNCIsImV4cCI6MTc4OTAyNzM4OSwiaWF0IjoxNzg5MDI2NDg5fQ.bwRqqoRqF_zw1xy0Ku9iNOmsyh7Mk186k3vuB23TKYM HTTP/1.1" from [::1]:53823 - 400 40B in 0s
2026/09/10 14:51:13 [DESKTOP-MHFOQ62/LKgua2eQ7N-000115] "GET http://localhost:8080/api/v1/projects/ad12779d-af29-4484-a1ea-8df7e10ac2d3/chat/ws?token=eyJhbGciOiJIUzI1NiIsInR5cCI6IkpXVCJ9.eyJ1c2VyX2lkIjoiZWViMjAwZTMtYWNjMC00NzUzLWI2ZTgtOTlkMWVmZWIzOWI0IiwiZW1haWwiOiJhbGZpYW5tYXVsYW5hODQ2QGdtYWlsLmNvbSIsInN1YiI6ImVlYjIwMGUzLWFjYzAtNDc1My1iNmU4LTk5ZDFlZmViMzliNCIsImV4cCI6MTc4OTAyNzUwMSwiaWF0IjoxNzg5MDI2NjAxfQ.HXqt76dyIzRJkyicebrcMK0wuD7WbWloOi5tb-1holw HTTP/1.1" from [::1]:62851 - 400 40B in 0s
2026/09/10 14:51:13 [DESKTOP-MHFOQ62/LKgua2eQ7N-000114] "GET http://localhost:8080/api/v1/projects/ad12779d-af29-4484-a1ea-8df7e10ac2d3/chat HTTP/1.1" from [::1]:55282 - 200 2525B in 3.5979ms
2026/09/10 14:51:16 [DESKTOP-MHFOQ62/LKgua2eQ7N-000116] "GET http://localhost:8080/api/v1/projects/ad12779d-af29-4484-a1ea-8df7e10ac2d3/chat HTTP/1.1" from [::1]:62823 - 200 2525B in 3.2556ms
2026/09/10 14:51:17 [DESKTOP-MHFOQ62/LKgua2eQ7N-000117] "GET http://localhost:8080/api/v1/projects/ad12779d-af29-4484-a1ea-8df7e10ac2d3/chat/ws?token=eyJhbGciOiJIUzI1NiIsInR5cCI6IkpXVCJ9.eyJ1c2VyX2lkIjoiZGQ2N2NiMmEtZTc1My00OTA5LTgzODQtMTE2YzllNDRkN2I0IiwiZW1haWwiOiJhbGZpYW5tYXVsYW5hMTE0QGdtYWlsLmNvbSIsInN1YiI6ImRkNjdjYjJhLWU3NTMtNDkwOS04Mzg0LTExNmM5ZTQ0ZDdiNCIsImV4cCI6MTc4OTAyNzM4OSwiaWF0IjoxNzg5MDI2NDg5fQ.bwRqqoRqF_zw1xy0Ku9iNOmsyh7Mk186k3vuB23TKYM HTTP/1.1" from [::1]:53842 - 400 40B in 0s
2026/09/10 14:51:17 [DESKTOP-MHFOQ62/LKgua2eQ7N-000118] "OPTIONS http://localhost:8080/api/v1/projects/ad12779d-af29-4484-a1ea-8df7e10ac2d3/chat HTTP/1.1" from [::1]:57529 - 204 0B in 0s
2026/09/10 14:51:17 [DESKTOP-MHFOQ62/LKgua2eQ7N-000119] "GET http://localhost:8080/api/v1/projects/ad12779d-af29-4484-a1ea-8df7e10ac2d3/chat/ws?token=eyJhbGciOiJIUzI1NiIsInR5cCI6IkpXVCJ9.eyJ1c2VyX2lkIjoiZWViMjAwZTMtYWNjMC00NzUzLWI2ZTgtOTlkMWVmZWIzOWI0IiwiZW1haWwiOiJhbGZpYW5tYXVsYW5hODQ2QGdtYWlsLmNvbSIsInN1YiI6ImVlYjIwMGUzLWFjYzAtNDc1My1iNmU4LTk5ZDFlZmViMzliNCIsImV4cCI6MTc4OTAyNzUwMSwiaWF0IjoxNzg5MDI2NjAxfQ.HXqt76dyIzRJkyicebrcMK0wuD7WbWloOi5tb-1holw HTTP/1.1" from [::1]:51118 - 400 40B in 0s
2026/09/10 14:51:17 [DESKTOP-MHFOQ62/LKgua2eQ7N-000120] "GET http://localhost:8080/api/v1/projects/ad12779d-af29-4484-a1ea-8df7e10ac2d3/chat HTTP/1.1" from [::1]:55282 - 200 2525B in 3.4007ms
2026/09/10 14:51:20 [DESKTOP-MHFOQ62/LKgua2eQ7N-000121] "OPTIONS http://localhost:8080/api/v1/projects/ad12779d-af29-4484-a1ea-8df7e10ac2d3/chat HTTP/1.1" from [::1]:55020 - 204 0B in 531.7µs
2026/09/10 14:51:20 [DESKTOP-MHFOQ62/LKgua2eQ7N-000122] "GET http://localhost:8080/api/v1/projects/ad12779d-af29-4484-a1ea-8df7e10ac2d3/chat HTTP/1.1" from [::1]:62823 - 200 2525B in 3.7685ms
2026/09/10 14:51:21 [DESKTOP-MHFOQ62/LKgua2eQ7N-000124] "GET http://localhost:8080/api/v1/projects/ad12779d-af29-4484-a1ea-8df7e10ac2d3/chat/ws?token=eyJhbGciOiJIUzI1NiIsInR5cCI6IkpXVCJ9.eyJ1c2VyX2lkIjoiZWViMjAwZTMtYWNjMC00NzUzLWI2ZTgtOTlkMWVmZWIzOWI0IiwiZW1haWwiOiJhbGZpYW5tYXVsYW5hODQ2QGdtYWlsLmNvbSIsInN1YiI6ImVlYjIwMGUzLWFjYzAtNDc1My1iNmU4LTk5ZDFlZmViMzliNCIsImV4cCI6MTc4OTAyNzUwMSwiaWF0IjoxNzg5MDI2NjAxfQ.HXqt76dyIzRJkyicebrcMK0wuD7WbWloOi5tb-1holw HTTP/1.1" from [::1]:59778 - 400 40B in 622.2µs
2026/09/10 14:51:21 [DESKTOP-MHFOQ62/LKgua2eQ7N-000123] "GET http://localhost:8080/api/v1/projects/ad12779d-af29-4484-a1ea-8df7e10ac2d3/chat HTTP/1.1" from [::1]:55282 - 200 2525B in 3.8266ms
2026/09/10 14:51:23 [DESKTOP-MHFOQ62/LKgua2eQ7N-000125] "GET http://localhost:8080/api/v1/projects/ad12779d-af29-4484-a1ea-8df7e10ac2d3/chat HTTP/1.1" from [::1]:62823 - 200 2525B in 5.5622ms
2026/09/10 14:51:24 [DESKTOP-MHFOQ62/LKgua2eQ7N-000126] "GET http://localhost:8080/api/v1/projects/ad12779d-af29-4484-a1ea-8df7e10ac2d3/chat/ws?token=eyJhbGciOiJIUzI1NiIsInR5cCI6IkpXVCJ9.eyJ1c2VyX2lkIjoiZGQ2N2NiMmEtZTc1My00OTA5LTgzODQtMTE2YzllNDRkN2I0IiwiZW1haWwiOiJhbGZpYW5tYXVsYW5hMTE0QGdtYWlsLmNvbSIsInN1YiI6ImRkNjdjYjJhLWU3NTMtNDkwOS04Mzg0LTExNmM5ZTQ0ZDdiNCIsImV4cCI6MTc4OTAyNzM4OSwiaWF0IjoxNzg5MDI2NDg5fQ.bwRqqoRqF_zw1xy0Ku9iNOmsyh7Mk186k3vuB23TKYM HTTP/1.1" from [::1]:62140 - 400 40B in 0s
2026/09/10 14:51:25 [DESKTOP-MHFOQ62/LKgua2eQ7N-000127] "OPTIONS http://localhost:8080/api/v1/projects/ad12779d-af29-4484-a1ea-8df7e10ac2d3/chat HTTP/1.1" from [::1]:57529 - 204 0B in 0s
2026/09/10 14:51:25 [DESKTOP-MHFOQ62/LKgua2eQ7N-000128] "GET http://localhost:8080/api/v1/projects/ad12779d-af29-4484-a1ea-8df7e10ac2d3/chat/ws?token=eyJhbGciOiJIUzI1NiIsInR5cCI6IkpXVCJ9.eyJ1c2VyX2lkIjoiZWViMjAwZTMtYWNjMC00NzUzLWI2ZTgtOTlkMWVmZWIzOWI0IiwiZW1haWwiOiJhbGZpYW5tYXVsYW5hODQ2QGdtYWlsLmNvbSIsInN1YiI6ImVlYjIwMGUzLWFjYzAtNDc1My1iNmU4LTk5ZDFlZmViMzliNCIsImV4cCI6MTc4OTAyNzUwMSwiaWF0IjoxNzg5MDI2NjAxfQ.HXqt76dyIzRJkyicebrcMK0wuD7WbWloOi5tb-1holw HTTP/1.1" from [::1]:54373 - 400 40B in 508.8µs
2026/09/10 14:51:25 [DESKTOP-MHFOQ62/LKgua2eQ7N-000129] "GET http://localhost:8080/api/v1/projects/ad12779d-af29-4484-a1ea-8df7e10ac2d3/chat HTTP/1.1" from [::1]:55282 - 200 2525B in 2.8467ms
2026/09/10 14:51:27 [DESKTOP-MHFOQ62/LKgua2eQ7N-000130] "OPTIONS http://localhost:8080/api/v1/projects/ad12779d-af29-4484-a1ea-8df7e10ac2d3/chat HTTP/1.1" from [::1]:55020 - 204 0B in 0s
2026/09/10 14:51:27 [DESKTOP-MHFOQ62/LKgua2eQ7N-000131] "GET http://localhost:8080/api/v1/projects/ad12779d-af29-4484-a1ea-8df7e10ac2d3/chat HTTP/1.1" from [::1]:62823 - 200 2525B in 3.5103ms
2026/09/10 14:51:29 [DESKTOP-MHFOQ62/LKgua2eQ7N-000132] "GET http://localhost:8080/api/v1/projects/ad12779d-af29-4484-a1ea-8df7e10ac2d3/chat HTTP/1.1" from [::1]:55282 - 200 2525B in 5.7776ms
2026/09/10 14:51:29 [DESKTOP-MHFOQ62/LKgua2eQ7N-000133] "GET http://localhost:8080/api/v1/projects/ad12779d-af29-4484-a1ea-8df7e10ac2d3/chat/ws?token=eyJhbGciOiJIUzI1NiIsInR5cCI6IkpXVCJ9.eyJ1c2VyX2lkIjoiZWViMjAwZTMtYWNjMC00NzUzLWI2ZTgtOTlkMWVmZWIzOWI0IiwiZW1haWwiOiJhbGZpYW5tYXVsYW5hODQ2QGdtYWlsLmNvbSIsInN1YiI6ImVlYjIwMGUzLWFjYzAtNDc1My1iNmU4LTk5ZDFlZmViMzliNCIsImV4cCI6MTc4OTAyNzUwMSwiaWF0IjoxNzg5MDI2NjAxfQ.HXqt76dyIzRJkyicebrcMK0wuD7WbWloOi5tb-1holw HTTP/1.1" from [::1]:54047 - 400 40B in 0s
2026/09/10 14:51:30 [DESKTOP-MHFOQ62/LKgua2eQ7N-000134] "GET http://localhost:8080/api/v1/projects/ad12779d-af29-4484-a1ea-8df7e10ac2d3/chat/ws?token=eyJhbGciOiJIUzI1NiIsInR5cCI6IkpXVCJ9.eyJ1c2VyX2lkIjoiZGQ2N2NiMmEtZTc1My00OTA5LTgzODQtMTE2YzllNDRkN2I0IiwiZW1haWwiOiJhbGZpYW5tYXVsYW5hMTE0QGdtYWlsLmNvbSIsInN1YiI6ImRkNjdjYjJhLWU3NTMtNDkwOS04Mzg0LTExNmM5ZTQ0ZDdiNCIsImV4cCI6MTc4OTAyNzM4OSwiaWF0IjoxNzg5MDI2NDg5fQ.bwRqqoRqF_zw1xy0Ku9iNOmsyh7Mk186k3vuB23TKYM HTTP/1.1" from [::1]:62499 - 400 40B in 0s
2026/09/10 14:51:33 [DESKTOP-MHFOQ62/LKgua2eQ7N-000135] "OPTIONS http://localhost:8080/api/v1/projects/ad12779d-af29-4484-a1ea-8df7e10ac2d3/chat HTTP/1.1" from [::1]:57529 - 204 0B in 0s
2026/09/10 14:51:33 [DESKTOP-MHFOQ62/LKgua2eQ7N-000136] "OPTIONS http://localhost:8080/api/v1/projects/ad12779d-af29-4484-a1ea-8df7e10ac2d3/chat HTTP/1.1" from [::1]:55020 - 204 0B in 0s
2026/09/10 14:51:33 [DESKTOP-MHFOQ62/LKgua2eQ7N-000137] "GET http://localhost:8080/api/v1/projects/ad12779d-af29-4484-a1ea-8df7e10ac2d3/chat/ws?token=eyJhbGciOiJIUzI1NiIsInR5cCI6IkpXVCJ9.eyJ1c2VyX2lkIjoiZWViMjAwZTMtYWNjMC00NzUzLWI2ZTgtOTlkMWVmZWIzOWI0IiwiZW1haWwiOiJhbGZpYW5tYXVsYW5hODQ2QGdtYWlsLmNvbSIsInN1YiI6ImVlYjIwMGUzLWFjYzAtNDc1My1iNmU4LTk5ZDFlZmViMzliNCIsImV4cCI6MTc4OTAyNzUwMSwiaWF0IjoxNzg5MDI2NjAxfQ.HXqt76dyIzRJkyicebrcMK0wuD7WbWloOi5tb-1holw HTTP/1.1" from [::1]:59145 - 400 40B in 621.4µs
2026/09/10 14:51:33 [DESKTOP-MHFOQ62/LKgua2eQ7N-000139] "GET http://localhost:8080/api/v1/projects/ad12779d-af29-4484-a1ea-8df7e10ac2d3/chat HTTP/1.1" from [::1]:62823 - 200 2525B in 2.6258ms
2026/09/10 14:51:33 [DESKTOP-MHFOQ62/LKgua2eQ7N-000138] "GET http://localhost:8080/api/v1/projects/ad12779d-af29-4484-a1ea-8df7e10ac2d3/chat HTTP/1.1" from [::1]:55282 - 200 2525B in 3.9932ms
2026/09/10 14:51:36 [DESKTOP-MHFOQ62/LKgua2eQ7N-000140] "GET http://localhost:8080/api/v1/projects/ad12779d-af29-4484-a1ea-8df7e10ac2d3/chat/ws?token=eyJhbGciOiJIUzI1NiIsInR5cCI6IkpXVCJ9.eyJ1c2VyX2lkIjoiZGQ2N2NiMmEtZTc1My00OTA5LTgzODQtMTE2YzllNDRkN2I0IiwiZW1haWwiOiJhbGZpYW5tYXVsYW5hMTE0QGdtYWlsLmNvbSIsInN1YiI6ImRkNjdjYjJhLWU3NTMtNDkwOS04Mzg0LTExNmM5ZTQ0ZDdiNCIsImV4cCI6MTc4OTAyNzM4OSwiaWF0IjoxNzg5MDI2NDg5fQ.bwRqqoRqF_zw1xy0Ku9iNOmsyh7Mk186k3vuB23TKYM HTTP/1.1" from [::1]:58436 - 400 40B in 0s
